// Jest Snapshot v1, https://goo.gl/fbAQLP

exports[`Markdown renderer (/components/text/Markdown) Renders some markdown correctly when a custom className is provided 1`] = `"<span class=\\"someClassName\\">Just a paragraph</span>"`;

exports[`Markdown renderer (/components/text/Markdown) Renders some markdown correctly when no custom className is provided 1`] = `"<div class=\\"\\"><h5 class=\\"MuiTypography-root MuiTypography-h5 MuiTypography-gutterBottom\\" id=\\"this-is-a-heading-1\\">This is a heading 1</h5><h6 class=\\"MuiTypography-root MuiTypography-h6 MuiTypography-gutterBottom\\" id=\\"this-is-a-heading-2\\">This is a heading 2</h6><p class=\\"MuiTypography-root MuiTypography-body1 MuiTypography-paragraph\\">Some text<br>and a line break</p><p class=\\"MuiTypography-root MuiTypography-body1 MuiTypography-paragraph\\"><a class=\\"MuiTypography-root MuiLink-root MuiLink-underlineHover MuiTypography-colorPrimary\\" href=\\"https://google.com\\">This is a link</a></p><p class=\\"MuiTypography-root MuiTypography-body1 MuiTypography-paragraph\\"><img src=\\"https://www.google.com/images/branding/googlelogo/1x/googlelogo_color_272x92dp.png\\" alt=\\"And an image\\" class=\\"Component-img-38 undefined\\"></p><p class=\\"MuiTypography-root MuiTypography-body1 MuiTypography-paragraph\\">Also renders <strong>bold</strong> and <em>italic</em> correctly.</p></div>"`;
